
> cadesk365_frontend@0.1.0 build
> next build

⚠ Warning: Next.js inferred your workspace root, but it may not be correct.
 We detected multiple lockfiles and selected the directory of /Users/hensipatel/package-lock.json as the root directory.
 To silence this warning, set `turbopack.root` in your Next.js config, or consider removing one of the lockfiles if it's not needed.
   See https://nextjs.org/docs/app/api-reference/config/next-config-js/turbopack#root-directory for more information.
 Detected additional lockfiles: 
   * /Users/hensipatel/frappe/cadesk365_frontend/package-lock.json

▲ Next.js 16.2.5 (Turbopack)

  Creating an optimized production build ...

> Build error occurred
Error: Turbopack build failed with 6 errors:
./frappe/cadesk365_frontend/src/app/(dashboard)/hrms/expenses/page.tsx:6:1
Export StatCard doesn't exist in target module
  [90m4 |[0m [36mimport[0m { [33mDataTable[0m } [36mfrom[0m [32m"@/components/shared/data-table"[0m;
  [90m5 |[0m [36mimport[0m { [33mPageHeader[0m } [36mfrom[0m [32m"@/components/shared/page-header"[0m;
[31m[1m>[0m [90m6 |[0m [36mimport[0m { [33mStatCard[0m } [36mfrom[0m [32m"@/components/shared/stat-card"[0m;
  [90m  |[0m [31m[1m^^^^^^^^^^^^^^^^^^^^^^^^^^^^^^^^^^^^^^^^^^^^^^^^^^^^^^^^^[0m
  [90m7 |[0m [36mimport[0m { [33mDetailDrawer[0m } [36mfrom[0m [32m"@/components/shared/detail-drawer"[0m;
  [90m8 |[0m [36mimport[0m { [33mButton[0m } [36mfrom[0m [32m"@/components/ui/button"[0m;
  [90m9 |[0m [36mimport[0m { useQuery } [36mfrom[0m [32m"@tanstack/react-query"[0m;

The export StatCard was not found in module [project]/frappe/cadesk365_frontend/src/components/shared/stat-card.tsx [app-client] (ecmascript).
The module has no exports at all.
All exports of the module are statically known (It doesn't have dynamic exports). So it's known statically that the requested export doesn't exist.

Import traces:
  Client Component Browser:
    ./frappe/cadesk365_frontend/src/app/(dashboard)/hrms/expenses/page.tsx [Client Component Browser]
    ./frappe/cadesk365_frontend/src/app/(dashboard)/hrms/expenses/page.tsx [Server Component]

  Client Component SSR:
    ./frappe/cadesk365_frontend/src/app/(dashboard)/hrms/expenses/page.tsx [Client Component SSR]
    ./frappe/cadesk365_frontend/src/app/(dashboard)/hrms/expenses/page.tsx [Server Component]


./frappe/cadesk365_frontend/src/app/(dashboard)/hrms/expenses/page.tsx:6:1
Export StatCard doesn't exist in target module
  [90m4 |[0m [36mimport[0m { [33mDataTable[0m } [36mfrom[0m [32m"@/components/shared/data-table"[0m;
  [90m5 |[0m [36mimport[0m { [33mPageHeader[0m } [36mfrom[0m [32m"@/components/shared/page-header"[0m;
[31m[1m>[0m [90m6 |[0m [36mimport[0m { [33mStatCard[0m } [36mfrom[0m [32m"@/components/shared/stat-card"[0m;
  [90m  |[0m [31m[1m^^^^^^^^^^^^^^^^^^^^^^^^^^^^^^^^^^^^^^^^^^^^^^^^^^^^^^^^^[0m
  [90m7 |[0m [36mimport[0m { [33mDetailDrawer[0m } [36mfrom[0m [32m"@/components/shared/detail-drawer"[0m;
  [90m8 |[0m [36mimport[0m { [33mButton[0m } [36mfrom[0m [32m"@/components/ui/button"[0m;
  [90m9 |[0m [36mimport[0m { useQuery } [36mfrom[0m [32m"@tanstack/react-query"[0m;

The export StatCard was not found in module [project]/frappe/cadesk365_frontend/src/components/shared/stat-card.tsx [app-ssr] (ecmascript).
The module has no exports at all.
All exports of the module are statically known (It doesn't have dynamic exports). So it's known statically that the requested export doesn't exist.

Import traces:
  Client Component Browser:
    ./frappe/cadesk365_frontend/src/app/(dashboard)/hrms/expenses/page.tsx [Client Component Browser]
    ./frappe/cadesk365_frontend/src/app/(dashboard)/hrms/expenses/page.tsx [Server Component]

  Client Component SSR:
    ./frappe/cadesk365_frontend/src/app/(dashboard)/hrms/expenses/page.tsx [Client Component SSR]
    ./frappe/cadesk365_frontend/src/app/(dashboard)/hrms/expenses/page.tsx [Server Component]


./frappe/cadesk365_frontend/src/app/(dashboard)/performance/page.tsx:7:1
Export StatCard doesn't exist in target module
  [90m 5 |[0m [36mimport[0m { [33mDataTable[0m } [36mfrom[0m [32m"@/components/shared/data-table"[0m;
  [90m 6 |[0m [36mimport[0m { [33mPageHeader[0m } [36mfrom[0m [32m"@/components/shared/page-header"[0m;
[31m[1m>[0m [90m 7 |[0m [36mimport[0m { [33mStatCard[0m } [36mfrom[0m [32m"@/components/shared/stat-card"[0m;
  [90m   |[0m [31m[1m^^^^^^^^^^^^^^^^^^^^^^^^^^^^^^^^^^^^^^^^^^^^^^^^^^^^^^^^^[0m
  [90m 8 |[0m [36mimport[0m { [33mChartCard[0m } [36mfrom[0m [32m"@/components/shared/chart-card"[0m;
  [90m 9 |[0m [36mimport[0m { [33mProgressBar[0m } [36mfrom[0m [32m"@/components/shared/progress-bar"[0m;
  [90m10 |[0m [36mimport[0m { useQuery } [36mfrom[0m [32m"@tanstack/react-query"[0m;

The export StatCard was not found in module [project]/frappe/cadesk365_frontend/src/components/shared/stat-card.tsx [app-client] (ecmascript).
The module has no exports at all.
All exports of the module are statically known (It doesn't have dynamic exports). So it's known statically that the requested export doesn't exist.

Import traces:
  Client Component Browser:
    ./frappe/cadesk365_frontend/src/app/(dashboard)/performance/page.tsx [Client Component Browser]
    ./frappe/cadesk365_frontend/src/app/(dashboard)/performance/page.tsx [Server Component]

  Client Component SSR:
    ./frappe/cadesk365_frontend/src/app/(dashboard)/performance/page.tsx [Client Component SSR]
    ./frappe/cadesk365_frontend/src/app/(dashboard)/performance/page.tsx [Server Component]


./frappe/cadesk365_frontend/src/app/(dashboard)/performance/page.tsx:7:1
Export StatCard doesn't exist in target module
  [90m 5 |[0m [36mimport[0m { [33mDataTable[0m } [36mfrom[0m [32m"@/components/shared/data-table"[0m;
  [90m 6 |[0m [36mimport[0m { [33mPageHeader[0m } [36mfrom[0m [32m"@/components/shared/page-header"[0m;
[31m[1m>[0m [90m 7 |[0m [36mimport[0m { [33mStatCard[0m } [36mfrom[0m [32m"@/components/shared/stat-card"[0m;
  [90m   |[0m [31m[1m^^^^^^^^^^^^^^^^^^^^^^^^^^^^^^^^^^^^^^^^^^^^^^^^^^^^^^^^^[0m
  [90m 8 |[0m [36mimport[0m { [33mChartCard[0m } [36mfrom[0m [32m"@/components/shared/chart-card"[0m;
  [90m 9 |[0m [36mimport[0m { [33mProgressBar[0m } [36mfrom[0m [32m"@/components/shared/progress-bar"[0m;
  [90m10 |[0m [36mimport[0m { useQuery } [36mfrom[0m [32m"@tanstack/react-query"[0m;

The export StatCard was not found in module [project]/frappe/cadesk365_frontend/src/components/shared/stat-card.tsx [app-ssr] (ecmascript).
The module has no exports at all.
All exports of the module are statically known (It doesn't have dynamic exports). So it's known statically that the requested export doesn't exist.

Import traces:
  Client Component Browser:
    ./frappe/cadesk365_frontend/src/app/(dashboard)/performance/page.tsx [Client Component Browser]
    ./frappe/cadesk365_frontend/src/app/(dashboard)/performance/page.tsx [Server Component]

  Client Component SSR:
    ./frappe/cadesk365_frontend/src/app/(dashboard)/performance/page.tsx [Client Component SSR]
    ./frappe/cadesk365_frontend/src/app/(dashboard)/performance/page.tsx [Server Component]


./frappe/cadesk365_frontend/src/app/client-portal/page.tsx:6:1
Export StatCard doesn't exist in target module
  [90m4 |[0m [36mimport[0m { [33mDataTable[0m } [36mfrom[0m [32m"@/components/shared/data-table"[0m;
  [90m5 |[0m [36mimport[0m { [33mPageHeader[0m } [36mfrom[0m [32m"@/components/shared/page-header"[0m;
[31m[1m>[0m [90m6 |[0m [36mimport[0m { [33mStatCard[0m } [36mfrom[0m [32m"@/components/shared/stat-card"[0m;
  [90m  |[0m [31m[1m^^^^^^^^^^^^^^^^^^^^^^^^^^^^^^^^^^^^^^^^^^^^^^^^^^^^^^^^^[0m
  [90m7 |[0m [36mimport[0m { useQuery } [36mfrom[0m [32m"@tanstack/react-query"[0m;
  [90m8 |[0m [36mimport[0m { getClientPortalData } [36mfrom[0m [32m"@/lib/api/client-portal"[0m;
  [90m9 |[0m [36mimport[0m [36mtype[0m { [33mComplianceTracker[0m, [33mClientDocument[0m } [36mfrom[0m [32m"@/types/api"[0m;

The export StatCard was not found in module [project]/frappe/cadesk365_frontend/src/components/shared/stat-card.tsx [app-client] (ecmascript).
The module has no exports at all.
All exports of the module are statically known (It doesn't have dynamic exports). So it's known statically that the requested export doesn't exist.

Import traces:
  Client Component Browser:
    ./frappe/cadesk365_frontend/src/app/client-portal/page.tsx [Client Component Browser]
    ./frappe/cadesk365_frontend/src/app/client-portal/page.tsx [Server Component]

  Client Component SSR:
    ./frappe/cadesk365_frontend/src/app/client-portal/page.tsx [Client Component SSR]
    ./frappe/cadesk365_frontend/src/app/client-portal/page.tsx [Server Component]


./frappe/cadesk365_frontend/src/app/client-portal/page.tsx:6:1
Export StatCard doesn't exist in target module
  [90m4 |[0m [36mimport[0m { [33mDataTable[0m } [36mfrom[0m [32m"@/components/shared/data-table"[0m;
  [90m5 |[0m [36mimport[0m { [33mPageHeader[0m } [36mfrom[0m [32m"@/components/shared/page-header"[0m;
[31m[1m>[0m [90m6 |[0m [36mimport[0m { [33mStatCard[0m } [36mfrom[0m [32m"@/components/shared/stat-card"[0m;
  [90m  |[0m [31m[1m^^^^^^^^^^^^^^^^^^^^^^^^^^^^^^^^^^^^^^^^^^^^^^^^^^^^^^^^^[0m
  [90m7 |[0m [36mimport[0m { useQuery } [36mfrom[0m [32m"@tanstack/react-query"[0m;
  [90m8 |[0m [36mimport[0m { getClientPortalData } [36mfrom[0m [32m"@/lib/api/client-portal"[0m;
  [90m9 |[0m [36mimport[0m [36mtype[0m { [33mComplianceTracker[0m, [33mClientDocument[0m } [36mfrom[0m [32m"@/types/api"[0m;

The export StatCard was not found in module [project]/frappe/cadesk365_frontend/src/components/shared/stat-card.tsx [app-ssr] (ecmascript).
The module has no exports at all.
All exports of the module are statically known (It doesn't have dynamic exports). So it's known statically that the requested export doesn't exist.

Import traces:
  Client Component Browser:
    ./frappe/cadesk365_frontend/src/app/client-portal/page.tsx [Client Component Browser]
    ./frappe/cadesk365_frontend/src/app/client-portal/page.tsx [Server Component]

  Client Component SSR:
    ./frappe/cadesk365_frontend/src/app/client-portal/page.tsx [Client Component SSR]
    ./frappe/cadesk365_frontend/src/app/client-portal/page.tsx [Server Component]


    at <unknown> (./frappe/cadesk365_frontend/src/app/(dashboard)/hrms/expenses/page.tsx:6:1)
    at <unknown> (./frappe/cadesk365_frontend/src/app/(dashboard)/hrms/expenses/page.tsx:6:1)
    at <unknown> (./frappe/cadesk365_frontend/src/app/(dashboard)/performance/page.tsx:7:1)
    at <unknown> (./frappe/cadesk365_frontend/src/app/(dashboard)/performance/page.tsx:7:1)
    at <unknown> (./frappe/cadesk365_frontend/src/app/client-portal/page.tsx:6:1)
    at <unknown> (./frappe/cadesk365_frontend/src/app/client-portal/page.tsx:6:1)
